HTTP/1.1 200 OK 
CACHE-CONTROL: max-age = 1800
DATE: Sun, 01 Jan 2017 22:15:55 +0000
LOCATION: http://192.168.0.10:41572/tapiola/description/description.xml
SERVER: Linux/3 UPnP/1.0  product}
ST: upnp:rootdevice
USN: uuid:5a1f496d-d8f6-4cad-8c71-6e3874f8b309::upnp:rootdevice

HTTP/1.1 200 OK
CACHE-CONTROL: max-age=1800
DATE: Sun, 01 Jan 2017 22:15:40 GMT
ST: uuid:4d696e69-444c-164e-9d41-001d92427e23
USN: uuid:4d696e69-444c-164e-9d41-001d92427e23
EXT:
SERVER: 3.2.0-61-generic DLNADOC/1.50 UPnP/1.0 MiniDLNA/1.1.2
LOCATION: http://192.168.0.99:8200/rootDesc.xml
Content-Length: 0

HTTP/1.1 200 OK
CACHE-CONTROL: max-age=1800
DATE: Sun, 01 Jan 2017 22:15:40 GMT
ST: upnp:rootdevice
USN: uuid:4d696e69-444c-164e-9d41-001d92427e23::upnp:rootdevice
EXT:
SERVER: 3.2.0-61-generic DLNADOC/1.50 UPnP/1.0 MiniDLNA/1.1.2
LOCATION: http://192.168.0.99:8200/rootDesc.xml
Content-Length: 0

HTTP/1.1 200 OK
CACHE-CONTROL: max-age=1800
DATE: Sun, 01 Jan 2017 22:15:40 GMT
ST: urn:schemas-upnp-org:device:MediaServer:1
USN: uuid:4d696e69-444c-164e-9d41-001d92427e23::urn:schemas-upnp-org:device:MediaServer:1
EXT:
SERVER: 3.2.0-61-generic DLNADOC/1.50 UPnP/1.0 MiniDLNA/1.1.2
LOCATION: http://192.168.0.99:8200/rootDesc.xml
Content-Length: 0

HTTP/1.1 200 OK
CACHE-CONTROL: max-age=1800
DATE: Sun, 01 Jan 2017 22:15:40 GMT
ST: urn:schemas-upnp-org:service:ContentDirectory:1
USN: uuid:4d696e69-444c-164e-9d41-001d92427e23::urn:schemas-upnp-org:service:ContentDirectory:1
EXT:
SERVER: 3.2.0-61-generic DLNADOC/1.50 UPnP/1.0 MiniDLNA/1.1.2
LOCATION: http://192.168.0.99:8200/rootDesc.xml
Content-Length: 0

HTTP/1.1 200 OK
CACHE-CONTROL: max-age=1800
DATE: Sun, 01 Jan 2017 22:15:40 GMT
ST: urn:schemas-upnp-org:service:ConnectionManager:1
USN: uuid:4d696e69-444c-164e-9d41-001d92427e23::urn:schemas-upnp-org:service:ConnectionManager:1
EXT:
SERVER: 3.2.0-61-generic DLNADOC/1.50 UPnP/1.0 MiniDLNA/1.1.2
LOCATION: http://192.168.0.99:8200/rootDesc.xml
Content-Length: 0

HTTP/1.1 200 OK
CACHE-CONTROL: max-age=1800
DATE: Sun, 01 Jan 2017 22:15:40 GMT
ST: urn:microsoft.com:service:X_MS_MediaReceiverRegistrar:1
USN: uuid:4d696e69-444c-164e-9d41-001d92427e23::urn:microsoft.com:service:X_MS_MediaReceiverRegistrar:1
EXT:
SERVER: 3.2.0-61-generic DLNADOC/1.50 UPnP/1.0 MiniDLNA/1.1.2
LOCATION: http://192.168.0.99:8200/rootDesc.xml
Content-Length: 0

HTTP/1.1 200 OK 
CACHE-CONTROL: max-age = 1800
DATE: Sun, 01 Jan 2017 22:15:55 +0000
LOCATION: http://192.168.0.10:41572/tapiola/description/description.xml
SERVER: Linux/3 UPnP/1.0  product}
ST: uuid:5a1f496d-d8f6-4cad-8c71-6e3874f8b309
USN: uuid:5a1f496d-d8f6-4cad-8c71-6e3874f8b309

HTTP/1.1 200 OK
Cache-Control: max-age=3600
Location: http://192.168.0.1:80/RootDevice.xml
Server: UPnP/1.0 UPnP/1.0 UPnP-Device-Host/1.0
ST:upnp:rootdevice
USN: uuid:upnp-InternetGatewayDevice-1_0-20e52ad35547::upnp:rootdevice
EXT:

HTTP/1.1 200 OK
Cache-Control: max-age=3600
Location: http://192.168.0.1:80/RootDevice.xml
Server: UPnP/1.0 UPnP/1.0 UPnP-Device-Host/1.0
ST:uuid:upnp-InternetGatewayDevice-1_0-20e52ad35547
USN: uuid:upnp-InternetGatewayDevice-1_0-20e52ad35547
EXT:

HTTP/1.1 200 OK
Cache-Control: max-age=3600
Location: http://192.168.0.1:80/RootDevice.xml
Server: UPnP/1.0 UPnP/1.0 UPnP-Device-Host/1.0
ST:uuid:upnp-WANConnectionDevice-1_0-20e52ad35547
USN: uuid:upnp-WANConnectionDevice-1_0-20e52ad35547
EXT:

HTTP/1.1 200 OK
Cache-Control: max-age=3600
Location: http://192.168.0.1:80/RootDevice.xml
Server: UPnP/1.0 UPnP/1.0 UPnP-Device-Host/1.0
ST:uuid:upnp-WANDevice-1_0-20e52ad35547
USN: uuid:upnp-WANDevice-1_0-20e52ad35547
EXT:

HTTP/1.1 200 OK
Cache-Control: max-age=3600
Location: http://192.168.0.1:80/RootDevice.xml
Server: UPnP/1.0 UPnP/1.0 UPnP-Device-Host/1.0
ST:urn:schemas-upnp-org:device:InternetGatewayDevice:1
USN: uuid:upnp-InternetGatewayDevice-1_0-20e52ad35547::urn:schemas-upnp-org:device:InternetGatewayDevice:1
EXT:

HTTP/1.1 200 OK
Cache-Control: max-age=3600
Location: http://192.168.0.1:80/RootDevice.xml
Server: UPnP/1.0 UPnP/1.0 UPnP-Device-Host/1.0
ST:urn:schemas-upnp-org:device:WANDevice:1
USN: uuid:upnp-WANDevice-1_0-20e52ad35547::urn:schemas-upnp-org:device:WANDevice:1
EXT:

HTTP/1.1 200 OK
Cache-Control: max-age=3600
Location: http://192.168.0.1:80/RootDevice.xml
Server: UPnP/1.0 UPnP/1.0 UPnP-Device-Host/1.0
ST:urn:schemas-upnp-org:device:WANConnectionDevice:1
USN: uuid:upnp-WANConnectionDevice-1_0-20e52ad35547::urn:schemas-upnp-org:device:WANConnectionDevice:1
EXT:

HTTP/1.1 200 OK
Cache-Control: max-age=3600
Location: http://192.168.0.1:80/RootDevice.xml
Server: UPnP/1.0 UPnP/1.0 UPnP-Device-Host/1.0
ST:urn:schemas-upnp-org:service:Layer3Forwarding:1
USN: uuid:upnp-InternetGatewayDevice-1_0-20e52ad35547::urn:schemas-upnp-org:service:Layer3Forwarding:1
EXT:

HTTP/1.1 200 OK
Cache-Control: max-age=3600
Location: http://192.168.0.1:80/RootDevice.xml
Server: UPnP/1.0 UPnP/1.0 UPnP-Device-Host/1.0
ST:urn:schemas-upnp-org:service:WANCommonInterfaceConfig:1
USN: uuid:upnp-WANDevice-1_0-20e52ad35547::urn:schemas-upnp-org:service:WANCommonInterfaceConfig:1
EXT:

HTTP/1.1 200 OK 
CACHE-CONTROL: max-age = 1800
DATE: Sun, 01 Jan 2017 22:15:55 +0000
LOCATION: http://192.168.0.10:41572/tapiola/description/description.xml
SERVER: Linux/3 UPnP/1.0  product}
ST: urn:schemas-upnp-org:device:test_type:2
USN: uuid:5a1f496d-d8f6-4cad-8c71-6e3874f8b309:urn:schemas-upnp-org:device:test_type:2

HTTP/1.1 200 OK
Cache-Control: max-age=3600
Location: http://192.168.0.1:80/RootDevice.xml
Server: UPnP/1.0 UPnP/1.0 UPnP-Device-Host/1.0
ST:urn:schemas-upnp-org:service:WANIPConnection:1
USN: uuid:upnp-WANConnectionDevice-1_0-20e52ad35547::urn:schemas-upnp-org:service:WANIPConnection:1
EXT:

HTTP/1.1 200 OK 
CACHE-CONTROL: max-age = 1800
DATE: Sun, 01 Jan 2017 22:15:55 +0000
LOCATION: http://192.168.0.10:41572/tapiola/description/description.xml
SERVER: Linux/3 UPnP/1.0  product}
ST: urn:schemas-upnp-org:service:test service:9
USN: uuid:5a1f496d-d8f6-4cad-8c71-6e3874f8b309:urn:schemas-upnp-org:service:test service:9

HTTP/1.1 200 OK 
CACHE-CONTROL: max-age = 1800
DATE: Sun, 01 Jan 2017 22:15:55 +0000
LOCATION: http://192.168.0.10:41572/tapiola/description/description.xml
SERVER: Linux/3 UPnP/1.0  product}
ST: urn:schemas-upnp-org:service:test_other_service:8
USN: uuid:5a1f496d-d8f6-4cad-8c71-6e3874f8b309:urn:schemas-upnp-org:service:test_other_service:8

